[09:33:51] ERROR: Erro Supabase (listar_notas): [Errno 11001] getaddrinfo failed
[09:33:51] ERROR: Erro Supabase (listar_notas): [Errno 11001] getaddrinfo failed
[09:34:40] ERROR: Erro Supabase (listar_notas): [Errno 11001] getaddrinfo failed
[09:34:40] ERROR: Erro Supabase (listar_notas): [Errno 11001] getaddrinfo failed
[09:37:14] ERROR: Erro Supabase (listar_notas): [Errno 11001] getaddrinfo failed
[09:37:14] ERROR: Erro Supabase (listar_notas): [Errno 11001] getaddrinfo failed
[09:37:31] INFO: Iniciando consulta SEFAZ para chave: 33260505097747000123550010000133751821006164
[09:37:31] INFO: Usando certificado: C:\Users\Roberto\Desktop\ERP COMPLETO\CERTIFICADOS\Certificado Lalua - dmf1977 (vigencia até 19072026).pfx com senha *****
[09:37:31] INFO: Manifesto do Destinatário concluído. XML baixado.
[09:37:31] ERROR: Erro Supabase (salvar_nota): [Errno 11001] getaddrinfo failed
[09:37:31] ERROR: Erro Supabase (salvar_nota): [Errno 11001] getaddrinfo failed
[09:37:31] ERROR: Erro Supabase (salvar_nota): [Errno 11001] getaddrinfo failed
[09:37:31] ERROR: Erro Supabase (salvar_nota): [Errno 11001] getaddrinfo failed
[09:37:40] ERROR: Erro Supabase (listar_notas): [Errno 11001] getaddrinfo failed
[09:37:40] ERROR: Erro Supabase (listar_notas): [Errno 11001] getaddrinfo failed
[09:37:54] ERROR: Erro Supabase (listar_notas): [Errno 11001] getaddrinfo failed
[09:37:54] ERROR: Erro Supabase (listar_notas): [Errno 11001] getaddrinfo failed
[09:38:37] ERROR: Erro Supabase (get_nota_completa): [Errno 11001] getaddrinfo failed
[09:38:37] ERROR: Erro Supabase (listar_notas): [Errno 11001] getaddrinfo failed
[09:38:37] ERROR: Erro Supabase (get_nota_completa): [Errno 11001] getaddrinfo failed
[09:38:37] ERROR: Erro Supabase (listar_notas): [Errno 11001] getaddrinfo failed
[09:39:30] ERROR: Erro Supabase (listar_notas): [Errno 11001] getaddrinfo failed
[09:43:43] ERROR: Erro Supabase (get_nota_completa): [Errno 11001] getaddrinfo failed
[09:43:43] ERROR: Erro Supabase (listar_notas): [Errno 11001] getaddrinfo failed
[09:43:43] ERROR: Erro Supabase (get_nota_completa): [Errno 11001] getaddrinfo failed
[09:43:43] ERROR: Erro Supabase (listar_notas): [Errno 11001] getaddrinfo failed
[09:53:00] ERROR: Erro Supabase (listar_notas): [Errno 11001] getaddrinfo failed
[09:53:00] ERROR: Erro Supabase (listar_notas): [Errno 11001] getaddrinfo failed
[09:53:13] INFO: Iniciando consulta SEFAZ para chave: 33260505097747000123550010000133751821006164
[09:53:13] INFO: Usando certificado: C:\Users\Roberto\Desktop\ERP COMPLETO\CERTIFICADOS\Certificado Lalua - dmf1977 (vigencia até 19072026).pfx com senha *****
[09:53:13] INFO: Manifesto do Destinatário concluído. XML baixado.
[09:53:13] ERROR: Erro Supabase (salvar_nota): [Errno 11001] getaddrinfo failed
[09:53:13] ERROR: Erro Supabase (salvar_nota): [Errno 11001] getaddrinfo failed
[09:53:13] ERROR: Erro Supabase (salvar_nota): [Errno 11001] getaddrinfo failed
[09:53:13] ERROR: Erro Supabase (salvar_nota): [Errno 11001] getaddrinfo failed
[09:53:19] ERROR: Erro Supabase (listar_notas): [Errno 11001] getaddrinfo failed
[09:53:19] ERROR: Erro Supabase (listar_notas): [Errno 11001] getaddrinfo failed
[09:53:32] ERROR: Erro Supabase (get_nota_completa): [Errno 11001] getaddrinfo failed
[09:53:33] ERROR: Erro Supabase (listar_notas): [Errno 11001] getaddrinfo failed
[09:53:33] ERROR: Erro Supabase (get_nota_completa): [Errno 11001] getaddrinfo failed
[09:53:33] ERROR: Erro Supabase (listar_notas): [Errno 11001] getaddrinfo failed
[09:53:48] ERROR: Erro Supabase (get_nota_completa): [Errno 11001] getaddrinfo failed
[09:53:48] ERROR: Erro Supabase (listar_notas): [Errno 11001] getaddrinfo failed
[09:53:48] ERROR: Erro Supabase (get_nota_completa): [Errno 11001] getaddrinfo failed
[09:53:48] ERROR: Erro Supabase (listar_notas): [Errno 11001] getaddrinfo failed
[09:53:55] ERROR: Erro Supabase (get_nota_completa): [Errno 11001] getaddrinfo failed
[09:53:55] ERROR: Erro Supabase (listar_notas): [Errno 11001] getaddrinfo failed
[09:53:55] ERROR: Erro Supabase (get_nota_completa): [Errno 11001] getaddrinfo failed
[09:53:55] ERROR: Erro Supabase (listar_notas): [Errno 11001] getaddrinfo failed
[10:21:25] ERROR: Erro Supabase (listar_notas): [Errno 11001] getaddrinfo failed
[10:21:25] ERROR: Erro Supabase (listar_notas): [Errno 11001] getaddrinfo failed
[10:21:34] ERROR: Erro Supabase (salvar_nota): [Errno 11001] getaddrinfo failed
[10:21:41] ERROR: Erro Supabase (listar_notas): [Errno 11001] getaddrinfo failed
[10:21:41] ERROR: Erro Supabase (listar_notas): [Errno 11001] getaddrinfo failed
[10:21:56] ERROR: Erro Supabase (get_nota_completa): [Errno 11001] getaddrinfo failed
[10:21:56] ERROR: Erro Supabase (listar_notas): [Errno 11001] getaddrinfo failed
[10:21:56] ERROR: Erro Supabase (get_nota_completa): [Errno 11001] getaddrinfo failed
[10:21:56] ERROR: Erro Supabase (listar_notas): [Errno 11001] getaddrinfo failed
[10:28:57] ERROR: Erro Supabase (listar_notas): [Errno 11001] getaddrinfo failed
[10:28:57] ERROR: Erro Supabase (listar_notas): [Errno 11001] getaddrinfo failed
[10:29:03] ERROR: Erro Supabase (salvar_nota): [Errno 11001] getaddrinfo failed
[10:29:07] ERROR: Erro Supabase (listar_notas): [Errno 11001] getaddrinfo failed
[10:29:07] ERROR: Erro Supabase (listar_notas): [Errno 11001] getaddrinfo failed
[10:29:22] ERROR: Erro Supabase (get_nota_completa): [Errno 11001] getaddrinfo failed
[10:29:22] ERROR: Erro Supabase (listar_notas): [Errno 11001] getaddrinfo failed
[10:29:22] ERROR: Erro Supabase (get_nota_completa): [Errno 11001] getaddrinfo failed
[10:29:22] ERROR: Erro Supabase (listar_notas): [Errno 11001] getaddrinfo failed
[10:29:55] ERROR: Erro Supabase (atualizar_status): [Errno 11001] getaddrinfo failed
[10:29:55] ERROR: Erro Supabase (listar_notas): [Errno 11001] getaddrinfo failed
[10:30:06] ERROR: Erro Supabase (atualizar_status): [Errno 11001] getaddrinfo failed
[10:30:06] ERROR: Erro Supabase (listar_notas): [Errno 11001] getaddrinfo failed
[10:30:11] ERROR: Erro Supabase (atualizar_status): [Errno 11001] getaddrinfo failed
[10:30:11] ERROR: Erro Supabase (listar_notas): [Errno 11001] getaddrinfo failed
[10:30:16] ERROR: Erro Supabase (listar_notas): [Errno 11001] getaddrinfo failed
[10:30:16] ERROR: Erro Supabase (listar_notas): [Errno 11001] getaddrinfo failed
[10:30:23] ERROR: Erro Supabase (salvar_nota): [Errno 11001] getaddrinfo failed
[10:30:27] ERROR: Erro Supabase (listar_notas): [Errno 11001] getaddrinfo failed
[10:30:27] ERROR: Erro Supabase (listar_notas): [Errno 11001] getaddrinfo failed
[10:30:54] ERROR: Erro Supabase (listar_notas): [Errno 11001] getaddrinfo failed
[10:30:54] ERROR: Erro Supabase (listar_notas): [Errno 11001] getaddrinfo failed
[10:49:21] ERROR: Erro Supabase (listar_notas): [Errno 11001] getaddrinfo failed
[10:49:21] ERROR: Erro Supabase (listar_notas): [Errno 11001] getaddrinfo failed
[10:50:07] ERROR: Erro Supabase (salvar_nota): [Errno 11001] getaddrinfo failed
[10:50:36] ERROR: Erro Supabase (listar_notas): [Errno 11001] getaddrinfo failed
[10:50:36] ERROR: Erro Supabase (listar_notas): [Errno 11001] getaddrinfo failed
[11:25:32] ERROR: Erro Supabase (salvar_nota): [Errno 11001] getaddrinfo failed
[11:35:52] ERROR: Erro Supabase (listar_notas): [Errno 11001] getaddrinfo failed
[11:35:52] ERROR: Erro Supabase (listar_notas): [Errno 11001] getaddrinfo failed
[11:35:58] ERROR: Erro Supabase (salvar_nota): [Errno 11001] getaddrinfo failed
[11:36:17] ERROR: Erro Supabase (listar_notas): [Errno 11001] getaddrinfo failed
[11:36:17] ERROR: Erro Supabase (listar_notas): [Errno 11001] getaddrinfo failed
[11:36:45] ERROR: Erro Supabase (salvar_nota): [Errno 11001] getaddrinfo failed
[11:38:00] ERROR: Erro Supabase (salvar_nota): [Errno 11001] getaddrinfo failed
[11:39:34] ERROR: Erro Supabase (listar_notas): [Errno 11001] getaddrinfo failed
[11:39:34] ERROR: Erro Supabase (listar_notas): [Errno 11001] getaddrinfo failed
[11:39:42] ERROR: Erro Supabase (salvar_nota): [Errno 11001] getaddrinfo failed
[11:39:51] ERROR: Erro Supabase (listar_notas): [Errno 11001] getaddrinfo failed
[11:39:51] ERROR: Erro Supabase (listar_notas): [Errno 11001] getaddrinfo failed
[11:40:07] ERROR: Erro Supabase (get_nota_completa): [Errno 11001] getaddrinfo failed
[11:40:07] ERROR: Erro Supabase (listar_notas): [Errno 11001] getaddrinfo failed
[11:40:07] ERROR: Erro Supabase (get_nota_completa): [Errno 11001] getaddrinfo failed
[11:40:07] ERROR: Erro Supabase (listar_notas): [Errno 11001] getaddrinfo failed
[12:21:21] ERROR: Erro Supabase (listar_notas): [Errno 11001] getaddrinfo failed
[12:21:21] ERROR: Erro Supabase (listar_notas): [Errno 11001] getaddrinfo failed
[12:21:23] ERROR: Erro Supabase (listar_notas_com_parcelas): [Errno 11001] getaddrinfo failed
[12:21:23] ERROR: Erro Supabase (listar_notas_com_parcelas): [Errno 11001] getaddrinfo failed
[12:21:51] ERROR: Erro Supabase (listar_notas): [Errno 11001] getaddrinfo failed
[12:21:51] ERROR: Erro Supabase (listar_notas): [Errno 11001] getaddrinfo failed
[12:22:13] ERROR: Erro Supabase (listar_notas_com_parcelas): [Errno 11001] getaddrinfo failed
[12:22:14] ERROR: Erro Supabase (listar_notas_com_parcelas): [Errno 11001] getaddrinfo failed
[12:37:53] ERROR: Erro Supabase (listar_notas_com_parcelas): [Errno 11001] getaddrinfo failed
[12:37:53] ERROR: Erro Supabase (listar_notas_com_parcelas): [Errno 11001] getaddrinfo failed
[12:37:59] ERROR: Erro Supabase (listar_notas): [Errno 11001] getaddrinfo failed
[12:37:59] ERROR: Erro Supabase (listar_notas): [Errno 11001] getaddrinfo failed
[12:38:01] ERROR: Erro Supabase (listar_notas): [Errno 11001] getaddrinfo failed
[12:38:02] ERROR: Erro Supabase (listar_notas): [Errno 11001] getaddrinfo failed
[12:38:02] ERROR: Erro Supabase (listar_notas): [Errno 11001] getaddrinfo failed
[12:38:02] ERROR: Erro Supabase (listar_notas): [Errno 11001] getaddrinfo failed
[12:38:07] ERROR: Erro Supabase (listar_notas): [Errno 11001] getaddrinfo failed
[12:38:07] ERROR: Erro Supabase (listar_notas): [Errno 11001] getaddrinfo failed
[14:13:58] ERROR: Erro Supabase (listar_notas): [Errno 11001] getaddrinfo failed
[14:13:58] ERROR: Erro Supabase (listar_notas): [Errno 11001] getaddrinfo failed
[14:14:02] ERROR: Erro Supabase (listar_notas_com_parcelas): [Errno 11001] getaddrinfo failed
[14:14:02] ERROR: Erro Supabase (listar_notas_com_parcelas): [Errno 11001] getaddrinfo failed
[14:16:16] ERROR: Erro Supabase (listar_notas): [Errno 11001] getaddrinfo failed
[14:16:16] ERROR: Erro Supabase (listar_notas): [Errno 11001] getaddrinfo failed
[14:16:17] ERROR: Erro Supabase (listar_notas): [Errno 11001] getaddrinfo failed
[14:16:17] ERROR: Erro Supabase (listar_notas): [Errno 11001] getaddrinfo failed
[14:16:29] ERROR: Erro Supabase (listar_notas): [Errno 11001] getaddrinfo failed
[14:16:29] ERROR: Erro Supabase (listar_notas): [Errno 11001] getaddrinfo failed
[14:27:03] ERROR: Erro Supabase (salvar_nota): [Errno 11001] getaddrinfo failed
[14:27:09] ERROR: Erro Supabase (listar_notas_com_parcelas): [Errno 11001] getaddrinfo failed
[14:27:09] ERROR: Erro Supabase (listar_notas_com_parcelas): [Errno 11001] getaddrinfo failed
[14:30:11] ERROR: Erro Supabase (listar_notas_com_parcelas): [Errno 11001] getaddrinfo failed
[14:33:54] ERROR: Erro Supabase (listar_notas_com_parcelas): [Errno 11001] getaddrinfo failed
[14:38:33] ERROR: Erro Supabase (listar_notas): [Errno 11001] getaddrinfo failed
[14:38:33] ERROR: Erro Supabase (listar_notas): [Errno 11001] getaddrinfo failed
[14:38:35] ERROR: Erro Supabase (listar_notas_com_parcelas): [Errno 11001] getaddrinfo failed
[14:38:35] ERROR: Erro Supabase (listar_notas_com_parcelas): [Errno 11001] getaddrinfo failed
[14:50:47] ERROR: Erro Supabase (listar_notas): [Errno 11001] getaddrinfo failed
[14:50:47] ERROR: Erro Supabase (listar_notas): [Errno 11001] getaddrinfo failed
[14:50:49] ERROR: Erro Supabase (listar_notas_com_parcelas): [Errno 11001] getaddrinfo failed
[14:50:49] ERROR: Erro Supabase (listar_notas_com_parcelas): [Errno 11001] getaddrinfo failed
[14:52:31] ERROR: Erro Supabase (listar_notas): [Errno 11001] getaddrinfo failed
[14:52:31] ERROR: Erro Supabase (listar_notas): [Errno 11001] getaddrinfo failed
[14:52:33] ERROR: Erro Supabase (listar_notas_com_parcelas): [Errno 11001] getaddrinfo failed
[14:52:33] ERROR: Erro Supabase (listar_notas_com_parcelas): [Errno 11001] getaddrinfo failed
[14:54:15] ERROR: Erro Supabase (listar_notas): [Errno 11001] getaddrinfo failed
[14:54:15] ERROR: Erro Supabase (listar_notas): [Errno 11001] getaddrinfo failed
[14:54:17] ERROR: Erro Supabase (listar_notas_com_parcelas): [Errno 11001] getaddrinfo failed
[14:54:17] ERROR: Erro Supabase (listar_notas_com_parcelas): [Errno 11001] getaddrinfo failed
[15:07:49] ERROR: Erro Supabase (listar_notas): [Errno 11001] getaddrinfo failed
[15:07:49] ERROR: Erro Supabase (listar_notas): [Errno 11001] getaddrinfo failed
[15:07:52] ERROR: Erro Supabase (listar_notas_com_parcelas): [Errno 11001] getaddrinfo failed
[15:07:52] ERROR: Erro Supabase (listar_notas_com_parcelas): [Errno 11001] getaddrinfo failed
[15:15:09] ERROR: Erro Supabase (listar_notas): [Errno 11001] getaddrinfo failed
[15:15:09] ERROR: Erro Supabase (listar_notas): [Errno 11001] getaddrinfo failed
[15:29:20] ERROR: Erro Supabase (listar_notas_com_parcelas): [Errno 11001] getaddrinfo failed
[15:29:20] ERROR: Erro Supabase (listar_notas_com_parcelas): [Errno 11001] getaddrinfo failed
[15:29:47] ERROR: Erro Supabase (listar_notas): [Errno 11001] getaddrinfo failed
[15:29:47] ERROR: Erro Supabase (listar_notas): [Errno 11001] getaddrinfo failed
[15:29:49] ERROR: Erro Supabase (listar_notas): [Errno 11001] getaddrinfo failed
[15:29:49] ERROR: Erro Supabase (listar_notas): [Errno 11001] getaddrinfo failed
[15:29:49] ERROR: Erro Supabase (listar_notas): [Errno 11001] getaddrinfo failed
[15:29:49] ERROR: Erro Supabase (listar_notas): [Errno 11001] getaddrinfo failed
[15:29:51] ERROR: Erro Supabase (listar_notas): [Errno 11001] getaddrinfo failed
[15:29:51] ERROR: Erro Supabase (listar_notas): [Errno 11001] getaddrinfo failed
[15:29:52] ERROR: Erro Supabase (listar_notas): [Errno 11001] getaddrinfo failed
[15:29:52] ERROR: Erro Supabase (listar_notas): [Errno 11001] getaddrinfo failed
[15:29:58] ERROR: Erro Supabase (listar_notas_com_parcelas): [Errno 11001] getaddrinfo failed
[15:29:58] ERROR: Erro Supabase (listar_notas_com_parcelas): [Errno 11001] getaddrinfo failed
[15:48:44] ERROR: Erro Supabase (listar_notas): [Errno 11001] getaddrinfo failed
[15:48:44] ERROR: Erro Supabase (listar_notas): [Errno 11001] getaddrinfo failed
[15:48:46] ERROR: Erro Supabase (listar_notas_com_parcelas): [Errno 11001] getaddrinfo failed
[15:48:46] ERROR: Erro Supabase (listar_notas_com_parcelas): [Errno 11001] getaddrinfo failed
[15:49:07] ERROR: Erro Supabase (listar_notas_com_parcelas): [Errno 11001] getaddrinfo failed
[15:49:07] ERROR: Erro Supabase (listar_notas_com_parcelas): [Errno 11001] getaddrinfo failed
[15:51:18] ERROR: Erro Supabase (listar_notas): [Errno 11001] getaddrinfo failed
[15:51:18] ERROR: Erro Supabase (listar_notas): [Errno 11001] getaddrinfo failed
[15:51:22] ERROR: Erro Supabase (listar_notas_com_parcelas): [Errno 11001] getaddrinfo failed
[15:51:22] ERROR: Erro Supabase (listar_notas_com_parcelas): [Errno 11001] getaddrinfo failed
[15:51:37] ERROR: Erro Supabase (listar_notas_com_parcelas): [Errno 11001] getaddrinfo failed
[15:51:37] ERROR: Erro Supabase (listar_notas_com_parcelas): [Errno 11001] getaddrinfo failed
[15:54:44] ERROR: Erro Supabase (listar_notas): [Errno 11001] getaddrinfo failed
[15:54:44] ERROR: Erro Supabase (listar_notas): [Errno 11001] getaddrinfo failed
[15:54:46] ERROR: Erro Supabase (listar_notas_com_parcelas): [Errno 11001] getaddrinfo failed
[15:54:46] ERROR: Erro Supabase (listar_notas_com_parcelas): [Errno 11001] getaddrinfo failed
[15:55:08] ERROR: Erro Supabase (salvar_nota): [Errno 11001] getaddrinfo failed
[15:55:11] ERROR: Erro Supabase (listar_notas_com_parcelas): [Errno 11001] getaddrinfo failed
[15:55:11] ERROR: Erro Supabase (listar_notas_com_parcelas): [Errno 11001] getaddrinfo failed
[15:57:55] ERROR: Erro Supabase (listar_notas): [Errno 11001] getaddrinfo failed
[15:57:55] ERROR: Erro Supabase (listar_notas): [Errno 11001] getaddrinfo failed
[15:58:01] ERROR: Erro Supabase (listar_notas_com_parcelas): [Errno 11001] getaddrinfo failed
[15:58:01] ERROR: Erro Supabase (listar_notas_com_parcelas): [Errno 11001] getaddrinfo failed
[15:58:12] ERROR: Erro Supabase (salvar_nota): [Errno 11001] getaddrinfo failed
[15:58:12] ERROR: Erro Supabase (salvar_nota): [Errno 11001] getaddrinfo failed
[15:58:13] ERROR: Erro Supabase (salvar_nota): [Errno 11001] getaddrinfo failed
[15:58:13] ERROR: Erro Supabase (salvar_nota): [Errno 11001] getaddrinfo failed
[15:58:13] ERROR: Erro Supabase (salvar_nota): [Errno 11001] getaddrinfo failed
[15:58:13] ERROR: Erro Supabase (salvar_nota): [Errno 11001] getaddrinfo failed
[15:58:13] ERROR: Erro Supabase (salvar_nota): [Errno 11001] getaddrinfo failed
[15:58:13] ERROR: Erro Supabase (salvar_nota): [Errno 11001] getaddrinfo failed
[15:58:13] ERROR: Erro Supabase (salvar_nota): [Errno 11001] getaddrinfo failed
[15:58:13] ERROR: Erro Supabase (salvar_nota): [Errno 11001] getaddrinfo failed
[15:58:13] ERROR: Erro Supabase (salvar_nota): [Errno 11001] getaddrinfo failed
[15:58:13] ERROR: Erro Supabase (salvar_nota): [Errno 11001] getaddrinfo failed
[15:58:13] ERROR: Erro Supabase (salvar_nota): [Errno 11001] getaddrinfo failed
[15:58:13] ERROR: Erro Supabase (salvar_nota): [Errno 11001] getaddrinfo failed
[15:58:13] ERROR: Erro Supabase (salvar_nota): [Errno 11001] getaddrinfo failed
[15:58:13] ERROR: Erro Supabase (salvar_nota): [Errno 11001] getaddrinfo failed
[15:58:13] ERROR: Erro Supabase (salvar_nota): [Errno 11001] getaddrinfo failed
[15:58:13] ERROR: Erro Supabase (salvar_nota): [Errno 11001] getaddrinfo failed
[15:58:13] ERROR: Erro Supabase (salvar_nota): [Errno 11001] getaddrinfo failed
[15:58:13] ERROR: Erro Supabase (salvar_nota): [Errno 11001] getaddrinfo failed
[15:58:13] ERROR: Erro Supabase (salvar_nota): [Errno 11001] getaddrinfo failed
[15:58:13] ERROR: Erro Supabase (salvar_nota): [Errno 11001] getaddrinfo failed
[15:58:13] ERROR: Erro Supabase (salvar_nota): [Errno 11001] getaddrinfo failed
[15:58:14] ERROR: Erro Supabase (salvar_nota): [Errno 11001] getaddrinfo failed
[15:58:19] ERROR: Erro Supabase (listar_notas_com_parcelas): [Errno 11001] getaddrinfo failed
[15:58:19] ERROR: Erro Supabase (listar_notas_com_parcelas): [Errno 11001] getaddrinfo failed
[16:00:01] ERROR: Erro Supabase (listar_notas): [Errno 11001] getaddrinfo failed
[16:00:01] ERROR: Erro Supabase (listar_notas): [Errno 11001] getaddrinfo failed
[16:00:05] ERROR: Erro Supabase (listar_notas): [Errno 11001] getaddrinfo failed
[16:00:05] ERROR: Erro Supabase (listar_notas): [Errno 11001] getaddrinfo failed
[16:00:05] ERROR: Erro Supabase (listar_notas): [Errno 11001] getaddrinfo failed
[16:00:05] ERROR: Erro Supabase (listar_notas): [Errno 11001] getaddrinfo failed
[16:02:58] ERROR: Erro Supabase (listar_notas): [Errno 11001] getaddrinfo failed
[16:02:58] ERROR: Erro Supabase (listar_notas): [Errno 11001] getaddrinfo failed
[16:03:01] ERROR: Erro Supabase (listar_notas): [Errno 11001] getaddrinfo failed
[16:03:01] ERROR: Erro Supabase (listar_notas): [Errno 11001] getaddrinfo failed
[16:03:03] ERROR: Erro Supabase (listar_notas): [Errno 11001] getaddrinfo failed
[16:03:03] ERROR: Erro Supabase (listar_notas): [Errno 11001] getaddrinfo failed
[16:03:03] ERROR: Erro Supabase (listar_notas): [Errno 11001] getaddrinfo failed
[16:03:03] ERROR: Erro Supabase (listar_notas): [Errno 11001] getaddrinfo failed
[16:04:00] ERROR: Erro Supabase (listar_notas): [Errno 11001] getaddrinfo failed
[16:04:00] ERROR: Erro Supabase (listar_notas): [Errno 11001] getaddrinfo failed
[16:04:01] ERROR: Erro Supabase (listar_notas): [Errno 11001] getaddrinfo failed
[16:04:01] ERROR: Erro Supabase (listar_notas): [Errno 11001] getaddrinfo failed
[16:04:01] ERROR: Erro Supabase (listar_notas): [Errno 11001] getaddrinfo failed
[16:04:01] ERROR: Erro Supabase (listar_notas): [Errno 11001] getaddrinfo failed
[16:06:15] ERROR: Erro Supabase (listar_notas): [Errno 11001] getaddrinfo failed
[16:06:17] ERROR: Erro Supabase (listar_notas): [Errno 11001] getaddrinfo failed
[16:06:17] ERROR: Erro Supabase (listar_notas): [Errno 11001] getaddrinfo failed
[16:06:21] ERROR: Erro Supabase (listar_notas): [Errno 11001] getaddrinfo failed
[16:06:21] ERROR: Erro Supabase (listar_notas): [Errno 11001] getaddrinfo failed
[16:06:23] ERROR: Erro Supabase (listar_notas): [Errno 11001] getaddrinfo failed
[16:06:23] ERROR: Erro Supabase (listar_notas): [Errno 11001] getaddrinfo failed
[16:06:23] ERROR: Erro Supabase (listar_notas): [Errno 11001] getaddrinfo failed
[16:06:23] ERROR: Erro Supabase (listar_notas): [Errno 11001] getaddrinfo failed
[16:20:45] ERROR: Erro Supabase (listar_notas): [Errno 11001] getaddrinfo failed
[16:20:45] ERROR: Erro Supabase (listar_notas): [Errno 11001] getaddrinfo failed
[16:49:53] ERROR: Erro Supabase (listar_notas): [Errno 11001] getaddrinfo failed
[16:49:53] ERROR: Erro Supabase (listar_notas): [Errno 11001] getaddrinfo failed
[16:49:53] ERROR: Erro Supabase (listar_notas): [Errno 11001] getaddrinfo failed
[16:49:53] ERROR: Erro Supabase (listar_notas): [Errno 11001] getaddrinfo failed
[16:49:53] ERROR: Erro Supabase (listar_notas): [Errno 11001] getaddrinfo failed
[16:52:29] ERROR: Erro Supabase (listar_notas): [Errno 11001] getaddrinfo failed
[16:52:29] ERROR: Erro Supabase (listar_notas): [Errno 11001] getaddrinfo failed
[16:52:29] ERROR: Erro Supabase (listar_notas_com_parcelas): [Errno 11001] getaddrinfo failed
[16:52:29] ERROR: Erro Supabase (listar_notas): [Errno 11001] getaddrinfo failed
[16:52:29] ERROR: Erro Supabase (listar_notas): [Errno 11001] getaddrinfo failed
[16:52:29] ERROR: Erro Supabase (listar_notas): [Errno 11001] getaddrinfo failed
[17:00:02] ERROR: Erro Supabase (listar_notas): [Errno 11001] getaddrinfo failed
[17:01:10] ERROR: Erro Supabase (listar_notas): [Errno 11001] getaddrinfo failed
[17:02:20] ERROR: Erro Supabase (listar_notas): [Errno 11001] getaddrinfo failed
